P1 a enriquecer: 26  (custo estimado: 78 creditos SerpAPI)

[1/26] Refrigeração Querobino (CLN 310)
   CNPJ: - | MEI=? | porte=? | conf=nao_resolvido
   descricao=0 car. | botoes=1/6 | posts=0 | fotos=4
   reviews amostra=8 | taxa_resposta=0.62 | ultimo=2025-06-11T03:02:42Z

[2/26] VIA FLORA (CLN 311)
   CNPJ: 17.172.323/0001-65 | MEI=N | porte=Microempresa (ME) | conf=alta
   descricao=0 car. | botoes=2/6 | posts=0 | fotos=5
   reviews amostra=8 | taxa_resposta=0.75 | ultimo=2023-08-30T14:37:18Z

[3/26] Bijoux Mix (CLN 311)
   CNPJ: 19.063.546/0001-10 | MEI=N | porte=Empresa de Pequeno Porte (EPP) | conf=baixa
   descricao=0 car. | botoes=1/6 | posts=0 | fotos=3
   reviews amostra=8 | taxa_resposta=0.0 | ultimo=2024-01-25T21:21:30Z

[4/26] S.O.S Makeup - Loja de Maquiagem (CLN 311)
   CNPJ: - | MEI=? | porte=? | conf=nao_resolvido
   descricao=0 car. | botoes=1/6 | posts=0 | fotos=4
   reviews amostra=8 | taxa_resposta=0.0 | ultimo=2026-02-27T20:59:05Z

[5/26] Usadão Brasília Brechó (CLN 312)
   CNPJ: - | MEI=? | porte=? | conf=nao_resolvido
   descricao=0 car. | botoes=1/6 | posts=0 | fotos=5
   reviews amostra=8 | taxa_resposta=1.0 | ultimo=2026-04-24T17:07:21Z

[6/26] Só Frango (CLN 312)
   CNPJ: 00.122.192/0001-09 | MEI=? | porte=Demais | conf=baixa
   descricao=0 car. | botoes=1/6 | posts=0 | fotos=5
   reviews amostra=8 | taxa_resposta=0.0 | ultimo=2026-06-07T16:26:14Z

[7/26] Dolci Infanti - Brechó Infantil (CLN 312)
   CNPJ: - | MEI=? | porte=? | conf=nao_resolvido
   descricao=0 car. | botoes=2/6 | posts=0 | fotos=4
   reviews amostra=8 | taxa_resposta=1.0 | ultimo=2026-05-25T23:33:10Z

[8/26] Frutaria 312 Norte (CLN 312)
   CNPJ: 49.997.342/0001-17 | MEI=N | porte=Microempresa (ME) | conf=alta
   descricao=0 car. | botoes=1/6 | posts=0 | fotos=4
   reviews amostra=8 | taxa_resposta=0.0 | ultimo=2025-06-23T22:07:51Z

[9/26] Drogaria Fátima (CLN 312)
   CNPJ: 28.532.647/0001-83 | MEI=N | porte=Microempresa (ME) | conf=alta
   descricao=0 car. | botoes=1/6 | posts=0 | fotos=4
   reviews amostra=8 | taxa_resposta=0.25 | ultimo=2026-04-17T12:01:00Z

[10/26] Lígia Dantas Salão e Estética (CLN 312)
   CNPJ: - | MEI=? | porte=? | conf=nao_resolvido
   descricao=0 car. | botoes=1/6 | posts=0 | fotos=3
   reviews amostra=8 | taxa_resposta=0.0 | ultimo=2020-03-11T13:02:42Z

[11/26] Salão de Beleza Studio Visual - Asa Norte (CLN 312)
   CNPJ: - | MEI=? | porte=? | conf=nao_resolvido
   descricao=0 car. | botoes=3/6 | posts=0 | fotos=5
   reviews amostra=8 | taxa_resposta=0.62 | ultimo=2025-09-20T15:37:16Z

[12/26] Lavaggio Lavanderia - 313 Norte (CLN 313)
   CNPJ: 52.187.690/0001-33 | MEI=N | porte=Microempresa (ME) | conf=alta
   descricao=0 car. | botoes=1/6 | posts=0 | fotos=3
   reviews amostra=8 | taxa_resposta=0.12 | ultimo=2026-05-12T10:54:42Z

[13/26] Multi Assistência Técnica Eletrônica - Asa Norte (CLN 313)
   CNPJ: - | MEI=? | porte=? | conf=nao_resolvido
   descricao=0 car. | botoes=2/6 | posts=8 | fotos=6
   reviews amostra=8 | taxa_resposta=0.88 | ultimo=2026-04-02T17:14:05Z

[14/26] Superchance (CLN 313)
   CNPJ: 02.840.845/0001-10 | MEI=N | porte=Microempresa (ME) | conf=alta
   descricao=0 car. | botoes=0/6 | posts=0 | fotos=2
   reviews amostra=8 | taxa_resposta=0.0 | ultimo=2022-07-27T13:57:26Z

[15/26] D' Mulher Confecções (CLN 313)
   CNPJ: 03.858.655/0001-93 | MEI=N | porte=Microempresa (ME) | conf=alta
   descricao=0 car. | botoes=2/6 | posts=0 | fotos=6
   reviews amostra=8 | taxa_resposta=0.38 | ultimo=2021-01-02T23:24:02Z

[16/26] Musa Bsb - Asa Norte (CLN 313)
   CNPJ: 10.397.043/0001-06 | MEI=N | porte=Microempresa (ME) | conf=alta
   descricao=0 car. | botoes=1/6 | posts=10 | fotos=5
   reviews amostra=8 | taxa_resposta=1.0 | ultimo=2026-06-16T15:51:56Z

[17/26] BELLA DONNA 313 NORTE (CLN 313)
   CNPJ: 64.166.246/0001-10 | MEI=N | porte=Microempresa (ME) | conf=media
   descricao=0 car. | botoes=1/6 | posts=0 | fotos=3
   reviews amostra=8 | taxa_resposta=0.0 | ultimo=2019-11-11T16:02:00Z

[18/26] Studio Elaine Express (CLN 314)
   CNPJ: 17.907.606/0001-08 | MEI=N | porte=Microempresa (ME) | conf=alta
   descricao=0 car. | botoes=1/6 | posts=0 | fotos=7
   reviews amostra=8 | taxa_resposta=0.0 | ultimo=2019-07-02T13:10:36Z

[19/26] Vison ll Coiffeur (CLN 314)
   CNPJ: 13.433.476/0001-68 | MEI=N | porte=Microempresa (ME) | conf=alta
   descricao=0 car. | botoes=1/6 | posts=0 | fotos=7
   reviews amostra=8 | taxa_resposta=1.0 | ultimo=2026-01-24T10:26:05Z

[20/26] Leda Zulmira - Beleza & Estética (CLN 315)
   CNPJ: 10.842.132/0001-14 | MEI=N | porte=Microempresa (ME) | conf=alta
   descricao=0 car. | botoes=1/6 | posts=0 | fotos=6
   reviews amostra=8 | taxa_resposta=0.0 | ultimo=2026-06-12T15:16:32Z

[21/26] EVS 315 Norte :: Herbalife (CLN 315)
   CNPJ: - | MEI=? | porte=? | conf=nao_resolvido
   descricao=0 car. | botoes=3/6 | posts=0 | fotos=6
   reviews amostra=8 | taxa_resposta=0.0 | ultimo=2025-04-27T13:51:37Z

[22/26] Studio Vogue (CLN 315)
   CNPJ: 32.804.358/0001-63 | MEI=? | porte=Demais | conf=baixa
   descricao=0 car. | botoes=1/6 | posts=0 | fotos=6
   reviews amostra=8 | taxa_resposta=0.0 | ultimo=2022-04-04T19:41:44Z

[23/26] Mais Corpo Pilates (CLN 315)
   CNPJ: - | MEI=? | porte=? | conf=nao_resolvido
   descricao=0 car. | botoes=2/6 | posts=0 | fotos=3
   reviews amostra=8 | taxa_resposta=0.0 | ultimo=2026-04-16T21:02:21Z

[24/26] ALECRIM Produtos Naturais (CLN 315)
   CNPJ: 58.306.114/0001-44 | MEI=N | porte=Microempresa (ME) | conf=alta
   descricao=0 car. | botoes=2/6 | posts=0 | fotos=5
   reviews amostra=8 | taxa_resposta=0.75 | ultimo=2026-02-26T11:06:13Z

[25/26] Podologia Feet & Cia (CLN 315)
   CNPJ: - | MEI=? | porte=? | conf=nao_resolvido
   descricao=0 car. | botoes=2/6 | posts=0 | fotos=2
   reviews amostra=8 | taxa_resposta=0.0 | ultimo=2025-10-23T14:44:17Z

[26/26] Chaveiro 315 Norte (CLN 315)
   CNPJ: 65.008.706/0001-45 | MEI=S | porte=Microempresa (ME) | conf=baixa
   descricao=0 car. | botoes=1/6 | posts=0 | fotos=5
   reviews amostra=8 | taxa_resposta=0.38 | ultimo=2025-08-21T21:45:39Z

FIM. creditos SerpAPI gastos: 78
MEI reprovados: 0
descricao >=500: 0 de 26
a enriquecer: 1  (custo estimado: 3 creditos SerpAPI)

[1/1] Açougue T-Bone (CLN 312)
   CNPJ: 31.165.525/0002-91 | MEI=? | porte=Demais | conf=baixa
   descricao=0 car. | botoes=3/6 | posts=10 | fotos=6
   reviews amostra=8 | taxa_resposta=1.0 | ultimo=2026-03-18T19:50:36Z

FIM. creditos SerpAPI gastos: 3
MEI reprovados: 0
descricao >=500: 0 de 1
